20:52:24 [INFO] [src\ipc.rs:87] ipc server listening on C:\Users\arvit\.config\tacky-borders\tacky-borders.sock
20:52:54 [INFO] [src\utils.rs:848] border is disabled for HWND(0x1e0494)
20:53:09 [INFO] [src\utils.rs:848] border is disabled for HWND(0xf04b6)
20:53:11 [INFO] [src\utils.rs:848] border is disabled for HWND(0x35097c)
20:53:20 [INFO] [src\utils.rs:848] border is disabled for HWND(0x780796)
20:53:25 [INFO] [src\utils.rs:848] border is disabled for HWND(0x31027c)
20:53:26 [INFO] [src\utils.rs:848] border is disabled for HWND(0x32027c)
20:54:10 [INFO] [src\utils.rs:848] border is disabled for HWND(0xf04b0)
20:54:23 [INFO] [src\config.rs:526] config.yaml has changed; reloading borders
20:54:29 [INFO] [src\config.rs:526] config.yaml has changed; reloading borders
20:54:30 [INFO] [src\config.rs:526] config.yaml has changed; reloading borders
20:54:54 [ERROR] [src\config.rs:327] could not reload config: global: data did not match any variant of untagged enum RadiusConfig at line 21 column 3
20:54:54 [INFO] [src\config.rs:526] config.yaml has changed; reloading borders
20:54:55 [ERROR] [src\config.rs:327] could not reload config: global: data did not match any variant of untagged enum RadiusConfig at line 21 column 3
20:54:59 [INFO] [src\config.rs:526] config.yaml has changed; reloading borders
20:55:01 [INFO] [src\config.rs:526] config.yaml has changed; reloading borders
20:55:03 [INFO] [src\config.rs:526] config.yaml has changed; reloading borders
20:55:05 [ERROR] [src\config.rs:327] could not reload config: global: data did not match any variant of untagged enum RadiusConfig at line 21 column 3
20:55:05 [INFO] [src\config.rs:526] config.yaml has changed; reloading borders
20:55:06 [ERROR] [src\config.rs:327] could not reload config: global: data did not match any variant of untagged enum RadiusConfig at line 21 column 3
20:55:09 [INFO] [src\config.rs:526] config.yaml has changed; reloading borders
20:55:12 [INFO] [src\config.rs:526] config.yaml has changed; reloading borders
20:55:16 [ERROR] [src\utils.rs:79] could not set window position for HWND(0x63026a): Access is denied. (0x80070005)
20:55:16 [ERROR] [src\utils.rs:79] could not set window position for HWND(0x63026a): Access is denied. (0x80070005)
20:55:16 [ERROR] [src\utils.rs:79] could not set window position for HWND(0x63026a): Access is denied. (0x80070005)
20:55:29 [INFO] [src\utils.rs:848] border is disabled for HWND(0x14057e)
20:55:44 [ERROR] [src\utils.rs:79] could not set window position for HWND(0x2e09ca): Access is denied. (0x80070005)
20:55:44 [ERROR] [src\utils.rs:79] could not set window position for HWND(0x2e09ca): Access is denied. (0x80070005)
20:56:26 [INFO] [src\utils.rs:848] border is disabled for HWND(0x2e01ca)
20:56:39 [INFO] [src\config.rs:526] config.yaml has changed; reloading borders
20:56:39 [ERROR] [src\utils.rs:79] could not set window position for HWND(0x63026a): Access is denied. (0x80070005)
20:56:39 [ERROR] [src\utils.rs:79] could not set window position for HWND(0x2e09ca): Access is denied. (0x80070005)
20:56:39 [ERROR] [src\utils.rs:79] could not set window position for HWND(0x63026a): Access is denied. (0x80070005)
20:56:39 [ERROR] [src\utils.rs:79] could not set window position for HWND(0x2e09ca): Access is denied. (0x80070005)
20:56:44 [INFO] [src\config.rs:526] config.yaml has changed; reloading borders
20:56:44 [ERROR] [src\utils.rs:79] could not set window position for HWND(0x63026a): Access is denied. (0x80070005)
20:56:44 [ERROR] [src\utils.rs:79] could not set window position for HWND(0x2e09ca): Access is denied. (0x80070005)
20:56:44 [ERROR] [src\utils.rs:79] could not set window position for HWND(0x63026a): Access is denied. (0x80070005)
20:56:44 [ERROR] [src\utils.rs:79] could not set window position for HWND(0x2e09ca): Access is denied. (0x80070005)
20:56:47 [ERROR] [src\config.rs:327] could not reload config: global.border_offset: invalid type: unit value, expected i32 at line 26 column 17
20:56:47 [INFO] [src\config.rs:526] config.yaml has changed; reloading borders
20:56:47 [ERROR] [src\utils.rs:79] could not set window position for HWND(0x2e09ca): Access is denied. (0x80070005)
20:56:47 [ERROR] [src\utils.rs:79] could not set window position for HWND(0x63026a): Access is denied. (0x80070005)
20:56:47 [ERROR] [src\utils.rs:79] could not set window position for HWND(0x2e09ca): Access is denied. (0x80070005)
20:56:47 [ERROR] [src\utils.rs:79] could not set window position for HWND(0x63026a): Access is denied. (0x80070005)
20:56:47 [ERROR] [src\config.rs:327] could not reload config: global.border_offset: invalid type: unit value, expected i32 at line 26 column 17
20:56:54 [ERROR] [src\config.rs:327] could not reload config: global.border_offset: invalid type: floating point `-0.5`, expected i32 at line 26 column 18
20:56:54 [ERROR] [src\config.rs:327] could not reload config: global.border_offset: invalid type: floating point `-0.5`, expected i32 at line 26 column 18
20:56:59 [INFO] [src\config.rs:526] config.yaml has changed; reloading borders
20:56:59 [ERROR] [src\utils.rs:79] could not set window position for HWND(0x63026a): Access is denied. (0x80070005)
20:56:59 [ERROR] [src\utils.rs:79] could not set window position for HWND(0x2e09ca): Access is denied. (0x80070005)
20:56:59 [ERROR] [src\utils.rs:79] could not set window position for HWND(0x63026a): Access is denied. (0x80070005)
20:56:59 [ERROR] [src\utils.rs:79] could not set window position for HWND(0x2e09ca): Access is denied. (0x80070005)
20:57:10 [INFO] [src\utils.rs:848] border is disabled for HWND(0x240218)
20:57:12 [INFO] [src\utils.rs:848] border is disabled for HWND(0x250218)
20:57:27 [INFO] [src\utils.rs:848] border is disabled for HWND(0x40c96)
20:57:49 [INFO] [src\utils.rs:848] border is disabled for HWND(0x50a4c)
20:57:58 [INFO] [src\utils.rs:848] border is disabled for HWND(0xf04b4)
20:58:42 [INFO] [src\config.rs:526] config.yaml has changed; reloading borders
20:58:42 [ERROR] [src\utils.rs:79] could not set window position for HWND(0x2e09ca): Access is denied. (0x80070005)
20:58:42 [ERROR] [src\utils.rs:79] could not set window position for HWND(0x2e09ca): Access is denied. (0x80070005)
20:58:50 [INFO] [src\config.rs:526] config.yaml has changed; reloading borders
20:58:51 [ERROR] [src\utils.rs:79] could not set window position for HWND(0x2e09ca): Access is denied. (0x80070005)
20:58:51 [ERROR] [src\utils.rs:79] could not set window position for HWND(0x2e09ca): Access is denied. (0x80070005)
20:59:13 [INFO] [src\config.rs:526] config.yaml has changed; reloading borders
20:59:13 [ERROR] [src\utils.rs:79] could not set window position for HWND(0x2e09ca): Access is denied. (0x80070005)
20:59:13 [ERROR] [src\utils.rs:79] could not set window position for HWND(0x2e09ca): Access is denied. (0x80070005)
20:59:15 [INFO] [src\config.rs:526] config.yaml has changed; reloading borders
20:59:15 [ERROR] [src\utils.rs:79] could not set window position for HWND(0x2e09ca): Access is denied. (0x80070005)
20:59:15 [ERROR] [src\utils.rs:79] could not set window position for HWND(0x2e09ca): Access is denied. (0x80070005)
20:59:17 [INFO] [src\config.rs:526] config.yaml has changed; reloading borders
20:59:17 [ERROR] [src\utils.rs:79] could not set window position for HWND(0x2e09ca): Access is denied. (0x80070005)
20:59:17 [ERROR] [src\utils.rs:79] could not set window position for HWND(0x2e09ca): Access is denied. (0x80070005)
20:59:20 [INFO] [src\config.rs:526] config.yaml has changed; reloading borders
20:59:20 [ERROR] [src\utils.rs:79] could not set window position for HWND(0x2e09ca): Access is denied. (0x80070005)
20:59:20 [ERROR] [src\utils.rs:79] could not set window position for HWND(0x2e09ca): Access is denied. (0x80070005)
20:59:21 [INFO] [src\config.rs:526] config.yaml has changed; reloading borders
20:59:21 [ERROR] [src\utils.rs:79] could not set window position for HWND(0x2e09ca): Access is denied. (0x80070005)
20:59:21 [ERROR] [src\utils.rs:79] could not set window position for HWND(0x2e09ca): Access is denied. (0x80070005)
20:59:23 [INFO] [src\config.rs:526] config.yaml has changed; reloading borders
20:59:23 [ERROR] [src\utils.rs:79] could not set window position for HWND(0x2e09ca): Access is denied. (0x80070005)
20:59:23 [ERROR] [src\utils.rs:79] could not set window position for HWND(0x2e09ca): Access is denied. (0x80070005)
20:59:25 [INFO] [src\config.rs:526] config.yaml has changed; reloading borders
20:59:25 [ERROR] [src\utils.rs:79] could not set window position for HWND(0x2e09ca): Access is denied. (0x80070005)
20:59:25 [ERROR] [src\utils.rs:79] could not set window position for HWND(0x2e09ca): Access is denied. (0x80070005)
20:59:29 [ERROR] [src\config.rs:327] could not reload config: block sequence entries are not allowed in this context at line 26 column 18
20:59:29 [INFO] [src\config.rs:526] config.yaml has changed; reloading borders
20:59:29 [ERROR] [src\utils.rs:79] could not set window position for HWND(0x2e09ca): Access is denied. (0x80070005)
20:59:29 [ERROR] [src\utils.rs:79] could not set window position for HWND(0x2e09ca): Access is denied. (0x80070005)
20:59:29 [ERROR] [src\config.rs:327] could not reload config: block sequence entries are not allowed in this context at line 26 column 18
20:59:32 [INFO] [src\config.rs:526] config.yaml has changed; reloading borders
20:59:32 [ERROR] [src\utils.rs:79] could not set window position for HWND(0x2e09ca): Access is denied. (0x80070005)
20:59:32 [ERROR] [src\utils.rs:79] could not set window position for HWND(0x2e09ca): Access is denied. (0x80070005)
20:59:40 [INFO] [src\config.rs:526] config.yaml has changed; reloading borders
20:59:40 [ERROR] [src\utils.rs:79] could not set window position for HWND(0x2e09ca): Access is denied. (0x80070005)
20:59:40 [ERROR] [src\utils.rs:79] could not set window position for HWND(0x2e09ca): Access is denied. (0x80070005)
20:59:44 [ERROR] [src\config.rs:327] could not reload config: did not find expected ',' or ']' at line 95 column 5, while parsing a flow sequence at line 94 column 13
20:59:44 [INFO] [src\config.rs:526] config.yaml has changed; reloading borders
20:59:44 [ERROR] [src\utils.rs:79] could not set window position for HWND(0x2e09ca): Access is denied. (0x80070005)
20:59:44 [ERROR] [src\utils.rs:79] could not set window position for HWND(0x2e09ca): Access is denied. (0x80070005)
20:59:44 [ERROR] [src\config.rs:327] could not reload config: did not find expected ',' or ']' at line 95 column 5, while parsing a flow sequence at line 94 column 13
20:59:47 [ERROR] [src\config.rs:327] could not reload config: global: data did not match any variant of untagged enum ColorBrushConfig at line 21 column 3
20:59:48 [ERROR] [src\config.rs:327] could not reload config: global: data did not match any variant of untagged enum ColorBrushConfig at line 21 column 3
20:59:54 [INFO] [src\config.rs:526] config.yaml has changed; reloading borders
20:59:54 [ERROR] [src\utils.rs:79] could not set window position for HWND(0x2e09ca): Access is denied. (0x80070005)
20:59:54 [ERROR] [src\utils.rs:79] could not set window position for HWND(0x2e09ca): Access is denied. (0x80070005)
20:59:57 [INFO] [src\config.rs:526] config.yaml has changed; reloading borders
20:59:57 [ERROR] [src\utils.rs:79] could not set window position for HWND(0x2e09ca): Access is denied. (0x80070005)
20:59:57 [ERROR] [src\utils.rs:79] could not set window position for HWND(0x2e09ca): Access is denied. (0x80070005)
21:00:07 [INFO] [src\config.rs:526] config.yaml has changed; reloading borders
21:00:07 [ERROR] [src\utils.rs:79] could not set window position for HWND(0x2e09ca): Access is denied. (0x80070005)
21:00:07 [ERROR] [src\utils.rs:79] could not set window position for HWND(0x2e09ca): Access is denied. (0x80070005)
21:00:17 [INFO] [src\config.rs:526] config.yaml has changed; reloading borders
21:00:17 [ERROR] [src\utils.rs:79] could not set window position for HWND(0x2e09ca): Access is denied. (0x80070005)
21:00:17 [ERROR] [src\utils.rs:79] could not set window position for HWND(0x2e09ca): Access is denied. (0x80070005)
21:00:35 [INFO] [src\config.rs:526] config.yaml has changed; reloading borders
21:00:35 [ERROR] [src\utils.rs:79] could not set window position for HWND(0x2e09ca): Access is denied. (0x80070005)
21:00:35 [ERROR] [src\utils.rs:79] could not set window position for HWND(0x2e09ca): Access is denied. (0x80070005)
21:00:44 [INFO] [src\config.rs:526] config.yaml has changed; reloading borders
21:00:44 [ERROR] [src\utils.rs:79] could not set window position for HWND(0x2e09ca): Access is denied. (0x80070005)
21:00:44 [ERROR] [src\utils.rs:79] could not set window position for HWND(0x2e09ca): Access is denied. (0x80070005)
21:01:02 [INFO] [src\config.rs:526] config.yaml has changed; reloading borders
21:01:02 [ERROR] [src\utils.rs:79] could not set window position for HWND(0x2e09ca): Access is denied. (0x80070005)
21:01:02 [ERROR] [src\utils.rs:79] could not set window position for HWND(0x2e09ca): Access is denied. (0x80070005)
21:01:06 [INFO] [src\config.rs:526] config.yaml has changed; reloading borders
21:01:06 [ERROR] [src\utils.rs:79] could not set window position for HWND(0x2e09ca): Access is denied. (0x80070005)
21:01:06 [ERROR] [src\utils.rs:79] could not set window position for HWND(0x2e09ca): Access is denied. (0x80070005)
21:01:08 [INFO] [src\config.rs:526] config.yaml has changed; reloading borders
21:01:08 [ERROR] [src\utils.rs:79] could not set window position for HWND(0x2e09ca): Access is denied. (0x80070005)
21:01:08 [ERROR] [src\utils.rs:79] could not set window position for HWND(0x2e09ca): Access is denied. (0x80070005)
21:01:13 [INFO] [src\config.rs:526] config.yaml has changed; reloading borders
21:01:13 [ERROR] [src\utils.rs:79] could not set window position for HWND(0x2e09ca): Access is denied. (0x80070005)
21:01:13 [ERROR] [src\utils.rs:79] could not set window position for HWND(0x2e09ca): Access is denied. (0x80070005)
21:01:20 [INFO] [src\config.rs:526] config.yaml has changed; reloading borders
21:01:20 [ERROR] [src\utils.rs:79] could not set window position for HWND(0x2e09ca): Access is denied. (0x80070005)
21:01:20 [ERROR] [src\utils.rs:79] could not set window position for HWND(0x2e09ca): Access is denied. (0x80070005)
21:01:21 [INFO] [src\config.rs:526] config.yaml has changed; reloading borders
21:01:21 [ERROR] [src\utils.rs:79] could not set window position for HWND(0x2e09ca): Access is denied. (0x80070005)
21:01:21 [ERROR] [src\utils.rs:79] could not set window position for HWND(0x2e09ca): Access is denied. (0x80070005)
21:01:25 [INFO] [src\config.rs:526] config.yaml has changed; reloading borders
21:01:25 [ERROR] [src\utils.rs:79] could not set window position for HWND(0x2e09ca): Access is denied. (0x80070005)
21:01:25 [ERROR] [src\utils.rs:79] could not set window position for HWND(0x2e09ca): Access is denied. (0x80070005)
21:01:26 [INFO] [src\config.rs:526] config.yaml has changed; reloading borders
21:01:26 [ERROR] [src\utils.rs:79] could not set window position for HWND(0x2e09ca): Access is denied. (0x80070005)
21:01:26 [ERROR] [src\utils.rs:79] could not set window position for HWND(0x2e09ca): Access is denied. (0x80070005)
21:01:33 [ERROR] [src\utils.rs:79] could not set window position for HWND(0x60a4a): Access is denied. (0x80070005)
21:01:33 [ERROR] [src\utils.rs:79] could not set window position for HWND(0x60a4a): Access is denied. (0x80070005)
21:01:33 [ERROR] [src\utils.rs:79] could not set window position for HWND(0x60a4a): Access is denied. (0x80070005)
21:02:22 [ERROR] [src\utils.rs:79] could not set window position for HWND(0x1f0a96): Access is denied. (0x80070005)
21:02:22 [ERROR] [src\utils.rs:79] could not set window position for HWND(0x1f0a96): Access is denied. (0x80070005)
21:02:22 [INFO] [src\utils.rs:848] border is disabled for HWND(0xe01b0)
21:02:25 [INFO] [src\utils.rs:848] border is disabled for HWND(0xf01b0)
21:02:41 [INFO] [src\config.rs:526] config.yaml has changed; reloading borders
21:02:41 [ERROR] [src\utils.rs:79] could not set window position for HWND(0x1f0a96): Access is denied. (0x80070005)
21:02:41 [ERROR] [src\utils.rs:79] could not set window position for HWND(0x1f0a96): Access is denied. (0x80070005)
21:02:46 [INFO] [src\config.rs:526] config.yaml has changed; reloading borders
21:02:46 [ERROR] [src\utils.rs:79] could not set window position for HWND(0x1f0a96): Access is denied. (0x80070005)
21:02:46 [ERROR] [src\utils.rs:79] could not set window position for HWND(0x1f0a96): Access is denied. (0x80070005)
21:02:55 [INFO] [src\config.rs:526] config.yaml has changed; reloading borders
21:02:55 [ERROR] [src\utils.rs:79] could not set window position for HWND(0x1f0a96): Access is denied. (0x80070005)
21:02:55 [ERROR] [src\utils.rs:79] could not set window position for HWND(0x1f0a96): Access is denied. (0x80070005)
21:02:57 [INFO] [src\config.rs:526] config.yaml has changed; reloading borders
21:02:57 [ERROR] [src\utils.rs:79] could not set window position for HWND(0x1f0a96): Access is denied. (0x80070005)
21:02:57 [ERROR] [src\utils.rs:79] could not set window position for HWND(0x1f0a96): Access is denied. (0x80070005)
21:03:02 [INFO] [src\config.rs:526] config.yaml has changed; reloading borders
21:03:02 [ERROR] [src\utils.rs:79] could not set window position for HWND(0x1f0a96): Access is denied. (0x80070005)
21:03:02 [ERROR] [src\utils.rs:79] could not set window position for HWND(0x1f0a96): Access is denied. (0x80070005)
21:03:28 [INFO] [src\config.rs:526] config.yaml has changed; reloading borders
21:03:28 [ERROR] [src\utils.rs:79] could not set window position for HWND(0x1f0a96): Access is denied. (0x80070005)
21:03:28 [ERROR] [src\utils.rs:79] could not set window position for HWND(0x1f0a96): Access is denied. (0x80070005)
21:03:33 [INFO] [src\config.rs:526] config.yaml has changed; reloading borders
21:03:33 [ERROR] [src\utils.rs:79] could not set window position for HWND(0x1f0a96): Access is denied. (0x80070005)
21:03:33 [ERROR] [src\utils.rs:79] could not set window position for HWND(0x1f0a96): Access is denied. (0x80070005)
21:04:17 [INFO] [src\config.rs:526] config.yaml has changed; reloading borders
21:04:17 [ERROR] [src\utils.rs:79] could not set window position for HWND(0x1f0a96): Access is denied. (0x80070005)
21:04:17 [ERROR] [src\utils.rs:79] could not set window position for HWND(0x1f0a96): Access is denied. (0x80070005)
21:04:19 [INFO] [src\config.rs:526] config.yaml has changed; reloading borders
21:04:19 [ERROR] [src\utils.rs:79] could not set window position for HWND(0x1f0a96): Access is denied. (0x80070005)
21:04:19 [ERROR] [src\utils.rs:79] could not set window position for HWND(0x1f0a96): Access is denied. (0x80070005)
21:04:24 [INFO] [src\config.rs:526] config.yaml has changed; reloading borders
21:04:24 [ERROR] [src\utils.rs:79] could not set window position for HWND(0x1f0a96): Access is denied. (0x80070005)
21:04:24 [ERROR] [src\utils.rs:79] could not set window position for HWND(0x1f0a96): Access is denied. (0x80070005)
21:04:26 [INFO] [src\config.rs:526] config.yaml has changed; reloading borders
21:04:26 [ERROR] [src\utils.rs:79] could not set window position for HWND(0x1f0a96): Access is denied. (0x80070005)
21:04:26 [ERROR] [src\utils.rs:79] could not set window position for HWND(0x1f0a96): Access is denied. (0x80070005)
21:04:27 [INFO] [src\config.rs:526] config.yaml has changed; reloading borders
21:04:27 [ERROR] [src\utils.rs:79] could not set window position for HWND(0x1f0a96): Access is denied. (0x80070005)
21:04:27 [ERROR] [src\utils.rs:79] could not set window position for HWND(0x1f0a96): Access is denied. (0x80070005)
21:04:29 [INFO] [src\config.rs:526] config.yaml has changed; reloading borders
21:04:29 [ERROR] [src\utils.rs:79] could not set window position for HWND(0x1f0a96): Access is denied. (0x80070005)
21:04:29 [ERROR] [src\utils.rs:79] could not set window position for HWND(0x1f0a96): Access is denied. (0x80070005)
21:09:31 [ERROR] [src\utils.rs:79] could not set window position for HWND(0x40b7c): Access is denied. (0x80070005)
22:28:35 [INFO] [src\ipc.rs:87] ipc server listening on C:\Users\arvit\.config\tacky-borders\tacky-borders.sock
22:28:37 [ERROR] [src\utils.rs:79] could not set window position for HWND(0x104b2): Access is denied. (0x80070005)
22:28:37 [ERROR] [src\utils.rs:79] could not set window position for HWND(0x104b2): Access is denied. (0x80070005)
22:28:37 [ERROR] [src\utils.rs:79] could not set window position for HWND(0x104b2): Access is denied. (0x80070005)
22:28:37 [ERROR] [src\utils.rs:79] could not set window position for HWND(0x104b2): Access is denied. (0x80070005)
22:28:38 [ERROR] [src\utils.rs:79] could not set window position for HWND(0x203ec): Access is denied. (0x80070005)
22:55:45 [ERROR] [src\utils.rs:79] could not set window position for HWND(0x10342): Access is denied. (0x80070005)
22:56:16 [ERROR] [src\utils.rs:79] could not set window position for HWND(0x10342): Access is denied. (0x80070005)
00:07:22 [ERROR] [src\utils.rs:79] could not set window position for HWND(0x10342): Access is denied. (0x80070005)
10:13:07 [INFO] [src\ipc.rs:87] ipc server listening on C:\Users\arvit\.config\tacky-borders\tacky-borders.sock
10:13:10 [ERROR] [src\utils.rs:79] could not set window position for HWND(0x1040a): Access is denied. (0x80070005)
10:13:12 [ERROR] [src\utils.rs:79] could not set window position for HWND(0x104e2): Access is denied. (0x80070005)
10:13:12 [ERROR] [src\utils.rs:79] could not set window position for HWND(0x104e2): Access is denied. (0x80070005)
10:13:12 [ERROR] [src\utils.rs:79] could not set window position for HWND(0x104e2): Access is denied. (0x80070005)
10:13:12 [ERROR] [src\utils.rs:79] could not set window position for HWND(0x104e2): Access is denied. (0x80070005)
10:14:16 [ERROR] [src\utils.rs:79] could not set window position for HWND(0x500f4): Access is denied. (0x80070005)
12:39:10 [ERROR] [src\utils.rs:79] could not set window position for HWND(0x500f4): Access is denied. (0x80070005)
12:44:06 [ERROR] [src\utils.rs:79] could not set window position for HWND(0x500f4): Access is denied. (0x80070005)
12:45:19 [INFO] [src\ipc.rs:87] ipc server listening on C:\Users\arvit\.config\tacky-borders\tacky-borders.sock
12:45:21 [ERROR] [src\utils.rs:79] could not set window position for HWND(0x103a2): Access is denied. (0x80070005)
13:15:49 [ERROR] [src\utils.rs:79] could not set window position for HWND(0x1070a): Access is denied. (0x80070005)
13:15:49 [ERROR] [src\utils.rs:79] could not set window position for HWND(0x1070a): Access is denied. (0x80070005)
13:16:11 [ERROR] [src\utils.rs:79] could not set window position for HWND(0x10808): Access is denied. (0x80070005)
13:16:11 [ERROR] [src\utils.rs:79] could not set window position for HWND(0x10808): Access is denied. (0x80070005)
13:16:11 [ERROR] [src\utils.rs:79] could not set window position for HWND(0x10808): Access is denied. (0x80070005)
13:19:11 [ERROR] [src\utils.rs:79] could not set window position for HWND(0x108e8): Access is denied. (0x80070005)
13:19:11 [ERROR] [src\utils.rs:79] could not set window position for HWND(0x108e8): Access is denied. (0x80070005)
13:19:11 [ERROR] [src\utils.rs:79] could not set window position for HWND(0x108e8): Access is denied. (0x80070005)
13:20:09 [ERROR] [src\utils.rs:79] could not set window position for HWND(0x208c6): Access is denied. (0x80070005)
13:20:09 [ERROR] [src\utils.rs:79] could not set window position for HWND(0x208c6): Access is denied. (0x80070005)
13:20:09 [ERROR] [src\utils.rs:79] could not set window position for HWND(0x208c6): Access is denied. (0x80070005)
13:20:15 [ERROR] [src\utils.rs:79] could not set window position for HWND(0x308b2): Access is denied. (0x80070005)
13:20:15 [ERROR] [src\utils.rs:79] could not set window position for HWND(0x308b2): Access is denied. (0x80070005)
13:21:18 [ERROR] [src\utils.rs:79] could not set window position for HWND(0x40878): Access is denied. (0x80070005)
13:21:18 [ERROR] [src\utils.rs:79] could not set window position for HWND(0x40878): Access is denied. (0x80070005)
13:21:35 [ERROR] [src\utils.rs:79] could not set window position for HWND(0x50878): Access is denied. (0x80070005)
13:21:35 [ERROR] [src\utils.rs:79] could not set window position for HWND(0x50878): Access is denied. (0x80070005)
13:21:43 [ERROR] [src\utils.rs:79] could not set window position for HWND(0x60878): Access is denied. (0x80070005)
13:21:43 [ERROR] [src\utils.rs:79] could not set window position for HWND(0x60878): Access is denied. (0x80070005)
13:21:51 [ERROR] [src\utils.rs:79] could not set window position for HWND(0x70878): Access is denied. (0x80070005)
13:21:51 [ERROR] [src\utils.rs:79] could not set window position for HWND(0x70878): Access is denied. (0x80070005)
13:21:54 [ERROR] [src\utils.rs:79] could not set window position for HWND(0x80878): Access is denied. (0x80070005)
13:21:54 [ERROR] [src\utils.rs:79] could not set window position for HWND(0x80878): Access is denied. (0x80070005)
13:22:20 [ERROR] [src\utils.rs:79] could not set window position for HWND(0xa08f6): Access is denied. (0x80070005)
13:22:20 [ERROR] [src\utils.rs:79] could not set window position for HWND(0xa08f6): Access is denied. (0x80070005)
13:22:35 [ERROR] [src\utils.rs:79] could not set window position for HWND(0xa0878): Access is denied. (0x80070005)
13:22:35 [ERROR] [src\utils.rs:79] could not set window position for HWND(0xa0878): Access is denied. (0x80070005)
13:23:10 [ERROR] [src\utils.rs:79] could not set window position for HWND(0x3070e): Access is denied. (0x80070005)
13:23:10 [ERROR] [src\utils.rs:79] could not set window position for HWND(0x3070e): Access is denied. (0x80070005)
13:23:15 [ERROR] [src\utils.rs:79] could not set window position for HWND(0x306d6): Access is denied. (0x80070005)
13:23:15 [ERROR] [src\utils.rs:79] could not set window position for HWND(0x306d6): Access is denied. (0x80070005)
13:23:15 [ERROR] [src\utils.rs:79] could not set window position for HWND(0x306d6): Access is denied. (0x80070005)
13:23:49 [ERROR] [src\utils.rs:79] could not set window position for HWND(0x307d2): Access is denied. (0x80070005)
13:23:49 [ERROR] [src\utils.rs:79] could not set window position for HWND(0x307d2): Access is denied. (0x80070005)
13:23:49 [ERROR] [src\utils.rs:79] could not set window position for HWND(0x307d2): Access is denied. (0x80070005)
13:23:58 [ERROR] [src\utils.rs:79] could not set window position for HWND(0x307fc): Access is denied. (0x80070005)
13:23:58 [ERROR] [src\utils.rs:79] could not set window position for HWND(0x307fc): Access is denied. (0x80070005)
13:23:58 [ERROR] [src\utils.rs:79] could not set window position for HWND(0x307fc): Access is denied. (0x80070005)
13:24:04 [ERROR] [src\utils.rs:79] could not set window position for HWND(0x307ee): Access is denied. (0x80070005)
13:24:04 [ERROR] [src\utils.rs:79] could not set window position for HWND(0x307ee): Access is denied. (0x80070005)
13:24:31 [ERROR] [src\utils.rs:79] could not set window position for HWND(0x60916): Access is denied. (0x80070005)
13:24:31 [ERROR] [src\utils.rs:79] could not set window position for HWND(0x60916): Access is denied. (0x80070005)
13:25:35 [ERROR] [src\utils.rs:79] could not set window position for HWND(0x4087a): Access is denied. (0x80070005)
13:25:35 [ERROR] [src\utils.rs:79] could not set window position for HWND(0x4087a): Access is denied. (0x80070005)
16:11:29 [ERROR] [src\utils.rs:79] could not set window position for HWND(0x70798): Access is denied. (0x80070005)
16:11:29 [ERROR] [src\utils.rs:79] could not set window position for HWND(0x70798): Access is denied. (0x80070005)
17:34:12 [ERROR] [src\utils.rs:79] could not set window position for HWND(0x5051e): Access is denied. (0x80070005)
17:34:12 [ERROR] [src\utils.rs:79] could not set window position for HWND(0x5051e): Access is denied. (0x80070005)
19:09:40 [ERROR] [src\utils.rs:79] could not set window position for HWND(0x1008aa): Access is denied. (0x80070005)
19:28:00 [ERROR] [src\utils.rs:79] could not set window position for HWND(0x1008aa): Access is denied. (0x80070005)
19:28:28 [ERROR] [src\utils.rs:79] could not set window position for HWND(0x17081e): Access is denied. (0x80070005)
19:28:28 [ERROR] [src\utils.rs:79] could not set window position for HWND(0x17081e): Access is denied. (0x80070005)
19:44:36 [ERROR] [src\config.rs:443] could not check for changes in config dir: The I/O operation has been aborted because of either a thread exit or an application request. (0x800703E3)
19:44:36 [INFO] [src\main.rs:93] exiting tacky-borders
20:47:44 [INFO] [src\ipc.rs:87] ipc server listening on C:\Users\arvit\.config\tacky-borders\tacky-borders.sock
20:48:31 [INFO] [src\config.rs:526] config.yaml has changed; reloading borders
20:48:34 [INFO] [src\config.rs:526] config.yaml has changed; reloading borders
20:48:42 [INFO] [src\config.rs:526] config.yaml has changed; reloading borders
20:48:45 [INFO] [src\config.rs:526] config.yaml has changed; reloading borders
20:49:01 [INFO] [src\config.rs:526] config.yaml has changed; reloading borders
20:49:07 [INFO] [src\config.rs:526] config.yaml has changed; reloading borders
20:49:24 [INFO] [src\config.rs:526] config.yaml has changed; reloading borders
20:49:24 [ERROR] [src\colors.rs:372] could not parse hex: invalid hex: #363a4f
20:49:24 [ERROR] [src\colors.rs:372] could not parse hex: invalid hex: #363a4f
20:49:24 [ERROR] [src\colors.rs:372] could not parse hex: invalid hex: #363a4f
20:49:24 [ERROR] [src\colors.rs:372] could not parse hex: invalid hex: #363a4f
20:49:27 [INFO] [src\config.rs:526] config.yaml has changed; reloading borders
20:49:40 [INFO] [src\config.rs:526] config.yaml has changed; reloading borders
20:50:05 [INFO] [src\config.rs:526] config.yaml has changed; reloading borders
20:50:13 [ERROR] [src\utils.rs:79] could not set window position for HWND(0xc0d5a): Access is denied. (0x80070005)
20:51:11 [ERROR] [src\utils.rs:79] could not set window position for HWND(0x6010876): Access is denied. (0x80070005)
20:51:11 [ERROR] [src\utils.rs:79] could not set window position for HWND(0x6010876): Access is denied. (0x80070005)
20:52:08 [ERROR] [src\utils.rs:79] could not set window position for HWND(0x14098c): Access is denied. (0x80070005)
20:52:08 [ERROR] [src\utils.rs:79] could not set window position for HWND(0x14098c): Access is denied. (0x80070005)
20:52:15 [ERROR] [src\utils.rs:79] could not set window position for HWND(0xe80d52): Access is denied. (0x80070005)
20:52:34 [INFO] [src\config.rs:526] config.yaml has changed; reloading borders
20:52:37 [INFO] [src\config.rs:526] config.yaml has changed; reloading borders
20:52:42 [INFO] [src\config.rs:526] config.yaml has changed; reloading borders
20:52:45 [INFO] [src\config.rs:526] config.yaml has changed; reloading borders
21:05:12 [INFO] [src\ipc.rs:87] ipc server listening on C:\Users\arvit\.config\tacky-borders\tacky-borders.sock
21:05:15 [ERROR] [src\utils.rs:79] could not set window position for HWND(0x20428): Access is denied. (0x80070005)
21:09:36 [ERROR] [src\utils.rs:79] could not set window position for HWND(0x40630): Access is denied. (0x80070005)
21:09:36 [ERROR] [src\utils.rs:79] could not set window position for HWND(0x40630): Access is denied. (0x80070005)
21:09:36 [ERROR] [src\utils.rs:79] could not set window position for HWND(0x40630): Access is denied. (0x80070005)
21:16:46 [ERROR] [src\utils.rs:79] could not set window position for HWND(0x404dc): Access is denied. (0x80070005)
21:16:46 [ERROR] [src\utils.rs:79] could not set window position for HWND(0x404dc): Access is denied. (0x80070005)
21:16:46 [ERROR] [src\utils.rs:79] could not set window position for HWND(0x404dc): Access is denied. (0x80070005)
21:24:35 [ERROR] [src\utils.rs:79] could not set window position for HWND(0x603ce): Access is denied. (0x80070005)
21:24:35 [ERROR] [src\utils.rs:79] could not set window position for HWND(0x603ce): Access is denied. (0x80070005)
21:24:38 [ERROR] [src\utils.rs:79] could not set window position for HWND(0x403cc): Access is denied. (0x80070005)
21:24:38 [ERROR] [src\utils.rs:79] could not set window position for HWND(0x403cc): Access is denied. (0x80070005)
21:24:40 [ERROR] [src\utils.rs:79] could not set window position for HWND(0xa030e): Access is denied. (0x80070005)
21:24:40 [ERROR] [src\utils.rs:79] could not set window position for HWND(0xa030e): Access is denied. (0x80070005)
21:24:46 [ERROR] [src\utils.rs:79] could not set window position for HWND(0xb06c8): Access is denied. (0x80070005)
21:24:46 [ERROR] [src\utils.rs:79] could not set window position for HWND(0xb06c8): Access is denied. (0x80070005)
21:25:11 [ERROR] [src\utils.rs:79] could not set window position for HWND(0xb030e): Access is denied. (0x80070005)
21:25:11 [ERROR] [src\utils.rs:79] could not set window position for HWND(0xb030e): Access is denied. (0x80070005)
21:25:18 [ERROR] [src\utils.rs:79] could not set window position for HWND(0xc030e): Access is denied. (0x80070005)
21:25:18 [ERROR] [src\utils.rs:79] could not set window position for HWND(0xc030e): Access is denied. (0x80070005)
21:25:20 [ERROR] [src\utils.rs:79] could not set window position for HWND(0xd030e): Access is denied. (0x80070005)
21:25:20 [ERROR] [src\utils.rs:79] could not set window position for HWND(0xd030e): Access is denied. (0x80070005)
21:25:25 [ERROR] [src\utils.rs:79] could not set window position for HWND(0xe030e): Access is denied. (0x80070005)
21:25:25 [ERROR] [src\utils.rs:79] could not set window position for HWND(0xe030e): Access is denied. (0x80070005)
21:25:27 [ERROR] [src\utils.rs:79] could not set window position for HWND(0xf030e): Access is denied. (0x80070005)
21:25:27 [ERROR] [src\utils.rs:79] could not set window position for HWND(0xf030e): Access is denied. (0x80070005)
21:37:02 [ERROR] [src\utils.rs:79] could not set window position for HWND(0x1403d6): Access is denied. (0x80070005)
21:37:02 [ERROR] [src\utils.rs:79] could not set window position for HWND(0x1403d6): Access is denied. (0x80070005)
21:37:02 [ERROR] [src\utils.rs:79] could not set window position for HWND(0xc074e): Access is denied. (0x80070005)
21:37:02 [ERROR] [src\utils.rs:79] could not set window position for HWND(0xc074e): Access is denied. (0x80070005)
21:37:02 [ERROR] [src\utils.rs:79] could not set window position for HWND(0xb078c): Access is denied. (0x80070005)
21:37:02 [ERROR] [src\utils.rs:79] could not set window position for HWND(0xb078c): Access is denied. (0x80070005)
21:37:11 [ERROR] [src\utils.rs:79] could not set window position for HWND(0x803cc): Access is denied. (0x80070005)
21:37:11 [ERROR] [src\utils.rs:79] could not set window position for HWND(0x803cc): Access is denied. (0x80070005)
21:39:15 [ERROR] [src\utils.rs:79] could not set window position for HWND(0x1d06de): Access is denied. (0x80070005)
21:39:15 [ERROR] [src\utils.rs:79] could not set window position for HWND(0x1d06de): Access is denied. (0x80070005)
21:39:15 [ERROR] [src\utils.rs:79] could not set window position for HWND(0x7a06ca): Access is denied. (0x80070005)
21:39:15 [ERROR] [src\utils.rs:79] could not set window position for HWND(0x7a06ca): Access is denied. (0x80070005)
21:39:16 [ERROR] [src\utils.rs:79] could not set window position for HWND(0x6706a0): Access is denied. (0x80070005)
21:39:16 [ERROR] [src\utils.rs:79] could not set window position for HWND(0x6706a0): Access is denied. (0x80070005)
21:39:18 [ERROR] [src\utils.rs:79] could not set window position for HWND(0x1b06d4): Access is denied. (0x80070005)
21:39:18 [ERROR] [src\utils.rs:79] could not set window position for HWND(0x1b06d4): Access is denied. (0x80070005)
21:40:34 [ERROR] [src\utils.rs:79] could not set window position for HWND(0x60818): Access is denied. (0x80070005)
21:40:34 [ERROR] [src\utils.rs:79] could not set window position for HWND(0x60818): Access is denied. (0x80070005)
21:40:34 [ERROR] [src\utils.rs:79] could not set window position for HWND(0x2d0220): Access is denied. (0x80070005)
21:40:34 [ERROR] [src\utils.rs:79] could not set window position for HWND(0x2d0220): Access is denied. (0x80070005)
21:40:35 [ERROR] [src\utils.rs:79] could not set window position for HWND(0x2606de): Access is denied. (0x80070005)
21:40:35 [ERROR] [src\utils.rs:79] could not set window position for HWND(0x2606de): Access is denied. (0x80070005)
21:40:38 [ERROR] [src\utils.rs:79] could not set window position for HWND(0xb07f6): Access is denied. (0x80070005)
21:40:38 [ERROR] [src\utils.rs:79] could not set window position for HWND(0xb07f6): Access is denied. (0x80070005)
21:44:48 [ERROR] [src\utils.rs:79] could not set window position for HWND(0xc0838): Access is denied. (0x80070005)
21:44:48 [ERROR] [src\utils.rs:79] could not set window position for HWND(0xc0838): Access is denied. (0x80070005)
21:44:49 [ERROR] [src\utils.rs:79] could not set window position for HWND(0x1503d4): Access is denied. (0x80070005)
21:44:49 [ERROR] [src\utils.rs:79] could not set window position for HWND(0x1503d4): Access is denied. (0x80070005)
21:44:49 [ERROR] [src\utils.rs:79] could not set window position for HWND(0xd083a): Access is denied. (0x80070005)
21:44:49 [ERROR] [src\utils.rs:79] could not set window position for HWND(0xd083a): Access is denied. (0x80070005)
21:44:52 [ERROR] [src\utils.rs:79] could not set window position for HWND(0x210748): Access is denied. (0x80070005)
21:44:52 [ERROR] [src\utils.rs:79] could not set window position for HWND(0x210748): Access is denied. (0x80070005)
21:45:54 [ERROR] [src\utils.rs:79] could not set window position for HWND(0x22070a): Access is denied. (0x80070005)
21:45:54 [ERROR] [src\utils.rs:79] could not set window position for HWND(0x22070a): Access is denied. (0x80070005)
21:45:55 [ERROR] [src\utils.rs:79] could not set window position for HWND(0x1706f8): Access is denied. (0x80070005)
21:45:55 [ERROR] [src\utils.rs:79] could not set window position for HWND(0x1706f8): Access is denied. (0x80070005)
21:45:55 [ERROR] [src\utils.rs:79] could not set window position for HWND(0x15074a): Access is denied. (0x80070005)
21:45:55 [ERROR] [src\utils.rs:79] could not set window position for HWND(0x15074a): Access is denied. (0x80070005)
21:45:58 [ERROR] [src\utils.rs:79] could not set window position for HWND(0x80754): Access is denied. (0x80070005)
21:45:58 [ERROR] [src\utils.rs:79] could not set window position for HWND(0x80754): Access is denied. (0x80070005)
21:46:34 [ERROR] [src\utils.rs:79] could not set window position for HWND(0x45072a): Access is denied. (0x80070005)
21:46:34 [ERROR] [src\utils.rs:79] could not set window position for HWND(0x45072a): Access is denied. (0x80070005)
21:46:34 [ERROR] [src\utils.rs:79] could not set window position for HWND(0x800ca): Access is denied. (0x80070005)
21:46:34 [ERROR] [src\utils.rs:79] could not set window position for HWND(0x800ca): Access is denied. (0x80070005)
21:46:35 [ERROR] [src\utils.rs:79] could not set window position for HWND(0x800ba): Access is denied. (0x80070005)
21:46:35 [ERROR] [src\utils.rs:79] could not set window position for HWND(0x800ba): Access is denied. (0x80070005)
21:46:37 [ERROR] [src\utils.rs:79] could not set window position for HWND(0x1a096a): Access is denied. (0x80070005)
21:46:37 [ERROR] [src\utils.rs:79] could not set window position for HWND(0x1a096a): Access is denied. (0x80070005)
21:54:57 [ERROR] [src\utils.rs:79] could not set window position for HWND(0x6051e): Access is denied. (0x80070005)
21:54:57 [ERROR] [src\utils.rs:79] could not set window position for HWND(0x6051e): Access is denied. (0x80070005)
21:54:57 [ERROR] [src\utils.rs:79] could not set window position for HWND(0x6051e): Access is denied. (0x80070005)
22:02:40 [ERROR] [src\utils.rs:79] could not set window position for HWND(0x1c06be): Access is denied. (0x80070005)
22:02:41 [ERROR] [src\utils.rs:79] could not set window position for HWND(0x1c06be): Access is denied. (0x80070005)
22:02:41 [ERROR] [src\utils.rs:79] could not set window position for HWND(0x1c06be): Access is denied. (0x80070005)
22:14:08 [ERROR] [src\utils.rs:79] could not set window position for HWND(0x4040a): Access is denied. (0x80070005)
22:14:08 [ERROR] [src\utils.rs:79] could not set window position for HWND(0x4040a): Access is denied. (0x80070005)
22:14:09 [ERROR] [src\utils.rs:79] could not set window position for HWND(0xd0514): Access is denied. (0x80070005)
22:14:09 [ERROR] [src\utils.rs:79] could not set window position for HWND(0xd0514): Access is denied. (0x80070005)
22:14:09 [ERROR] [src\utils.rs:79] could not set window position for HWND(0x190744): Access is denied. (0x80070005)
22:14:09 [ERROR] [src\utils.rs:79] could not set window position for HWND(0x190744): Access is denied. (0x80070005)
22:14:10 [ERROR] [src\utils.rs:79] could not set window position for HWND(0x1b076c): Access is denied. (0x80070005)
22:14:10 [ERROR] [src\utils.rs:79] could not set window position for HWND(0x1b076c): Access is denied. (0x80070005)
08:50:36 [ERROR] [src\utils.rs:79] could not set window position for HWND(0x1402b0): Access is denied. (0x80070005)
08:51:34 [ERROR] [src\utils.rs:79] could not set window position for HWND(0x1033a): Access is denied. (0x80070005)
11:49:55 [ERROR] [src\utils.rs:79] could not set window position for HWND(0x1033a): Access is denied. (0x80070005)
11:52:44 [ERROR] [src\utils.rs:79] could not set window position for HWND(0xf0752): Access is denied. (0x80070005)
11:52:44 [ERROR] [src\utils.rs:79] could not set window position for HWND(0xf0752): Access is denied. (0x80070005)
11:53:54 [ERROR] [src\utils.rs:79] could not set window position for HWND(0xb0098): Access is denied. (0x80070005)
11:53:54 [ERROR] [src\utils.rs:79] could not set window position for HWND(0xb0098): Access is denied. (0x80070005)
11:53:54 [ERROR] [src\utils.rs:79] could not set window position for HWND(0xb0098): Access is denied. (0x80070005)
11:54:15 [ERROR] [src\utils.rs:79] could not set window position for HWND(0x82061a): Access is denied. (0x80070005)
11:54:15 [ERROR] [src\utils.rs:79] could not set window position for HWND(0x82061a): Access is denied. (0x80070005)
11:54:15 [ERROR] [src\utils.rs:79] could not set window position for HWND(0x82061a): Access is denied. (0x80070005)
11:54:24 [ERROR] [src\utils.rs:79] could not set window position for HWND(0x1c07ba): Access is denied. (0x80070005)
11:54:24 [ERROR] [src\utils.rs:79] could not set window position for HWND(0x1c07ba): Access is denied. (0x80070005)
11:54:24 [ERROR] [src\utils.rs:79] could not set window position for HWND(0x1c07ba): Access is denied. (0x80070005)
11:56:48 [ERROR] [src\utils.rs:79] could not set window position for HWND(0x190722): Access is denied. (0x80070005)
12:00:40 [ERROR] [src\utils.rs:79] could not set window position for HWND(0x140856): Access is denied. (0x80070005)
12:04:39 [ERROR] [src\utils.rs:79] could not set window position for HWND(0xb01e4): Access is denied. (0x80070005)
12:04:39 [ERROR] [src\utils.rs:79] could not set window position for HWND(0xb01e4): Access is denied. (0x80070005)
12:04:53 [ERROR] [src\utils.rs:79] could not set window position for HWND(0xc01e4): Access is denied. (0x80070005)
12:04:54 [ERROR] [src\utils.rs:79] could not set window position for HWND(0xc01e4): Access is denied. (0x80070005)
12:05:09 [ERROR] [src\utils.rs:79] could not set window position for HWND(0x2406cc): Access is denied. (0x80070005)
12:05:09 [ERROR] [src\utils.rs:79] could not set window position for HWND(0x2406cc): Access is denied. (0x80070005)
12:05:59 [ERROR] [src\utils.rs:79] could not set window position for HWND(0x2506cc): Access is denied. (0x80070005)
12:05:59 [ERROR] [src\utils.rs:79] could not set window position for HWND(0x2506cc): Access is denied. (0x80070005)
12:06:05 [ERROR] [src\utils.rs:79] could not set window position for HWND(0x2606cc): Access is denied. (0x80070005)
12:06:05 [ERROR] [src\utils.rs:79] could not set window position for HWND(0x2606cc): Access is denied. (0x80070005)
12:06:35 [ERROR] [src\utils.rs:79] could not set window position for HWND(0x2706cc): Access is denied. (0x80070005)
12:06:35 [ERROR] [src\utils.rs:79] could not set window position for HWND(0x2706cc): Access is denied. (0x80070005)
12:06:43 [ERROR] [src\utils.rs:79] could not set window position for HWND(0x2806cc): Access is denied. (0x80070005)
12:06:43 [ERROR] [src\utils.rs:79] could not set window position for HWND(0x2806cc): Access is denied. (0x80070005)
12:06:48 [ERROR] [src\utils.rs:79] could not set window position for HWND(0x1e096a): Access is denied. (0x80070005)
12:06:48 [ERROR] [src\utils.rs:79] could not set window position for HWND(0x1e096a): Access is denied. (0x80070005)
12:07:03 [ERROR] [src\utils.rs:79] could not set window position for HWND(0x7091a): Access is denied. (0x80070005)
12:07:03 [ERROR] [src\utils.rs:79] could not set window position for HWND(0x7091a): Access is denied. (0x80070005)
12:07:03 [ERROR] [src\utils.rs:79] could not set window position for HWND(0x40910): Access is denied. (0x80070005)
12:07:03 [ERROR] [src\utils.rs:79] could not set window position for HWND(0x40910): Access is denied. (0x80070005)
12:07:03 [ERROR] [src\utils.rs:79] could not set window position for HWND(0x7091a): Access is denied. (0x80070005)
12:07:10 [ERROR] [src\utils.rs:79] could not set window position for HWND(0x1c0814): Access is denied. (0x80070005)
12:07:10 [ERROR] [src\utils.rs:79] could not set window position for HWND(0x1c0814): Access is denied. (0x80070005)
12:07:17 [ERROR] [src\utils.rs:79] could not set window position for HWND(0x450778): Access is denied. (0x80070005)
12:07:17 [ERROR] [src\utils.rs:79] could not set window position for HWND(0x450778): Access is denied. (0x80070005)
12:07:26 [ERROR] [src\utils.rs:79] could not set window position for HWND(0x1d0814): Access is denied. (0x80070005)
12:07:26 [ERROR] [src\utils.rs:79] could not set window position for HWND(0x1d0814): Access is denied. (0x80070005)
12:07:26 [ERROR] [src\utils.rs:79] could not set window position for HWND(0x1d0814): Access is denied. (0x80070005)
12:07:46 [ERROR] [src\utils.rs:79] could not set window position for HWND(0x109d8): Access is denied. (0x80070005)
12:07:46 [ERROR] [src\utils.rs:79] could not set window position for HWND(0x109d8): Access is denied. (0x80070005)
12:07:46 [ERROR] [src\utils.rs:79] could not set window position for HWND(0x109d8): Access is denied. (0x80070005)
12:08:01 [ERROR] [src\utils.rs:79] could not set window position for HWND(0x209b6): Access is denied. (0x80070005)
12:08:01 [ERROR] [src\utils.rs:79] could not set window position for HWND(0x209b6): Access is denied. (0x80070005)
12:08:01 [ERROR] [src\utils.rs:79] could not set window position for HWND(0x209b6): Access is denied. (0x80070005)
12:08:04 [ERROR] [src\utils.rs:79] could not set window position for HWND(0x209a0): Access is denied. (0x80070005)
12:08:04 [ERROR] [src\utils.rs:79] could not set window position for HWND(0x209a0): Access is denied. (0x80070005)
12:08:15 [ERROR] [src\utils.rs:79] could not set window position for HWND(0x180250): Access is denied. (0x80070005)
12:09:27 [ERROR] [src\utils.rs:79] could not set window position for HWND(0x10a4c): Access is denied. (0x80070005)
12:09:27 [ERROR] [src\utils.rs:79] could not set window position for HWND(0x10a4c): Access is denied. (0x80070005)
12:09:27 [ERROR] [src\utils.rs:79] could not set window position for HWND(0x10a4c): Access is denied. (0x80070005)
12:09:50 [ERROR] [src\utils.rs:79] could not set window position for HWND(0x20a4c): Access is denied. (0x80070005)
12:09:50 [ERROR] [src\utils.rs:79] could not set window position for HWND(0x20a4c): Access is denied. (0x80070005)
12:09:50 [ERROR] [src\utils.rs:79] could not set window position for HWND(0x20a4c): Access is denied. (0x80070005)
12:09:52 [ERROR] [src\utils.rs:79] could not set window position for HWND(0x20a2c): Access is denied. (0x80070005)
12:09:52 [ERROR] [src\utils.rs:79] could not set window position for HWND(0x20a2c): Access is denied. (0x80070005)
12:10:35 [ERROR] [src\utils.rs:79] could not set window position for HWND(0x509b6): Access is denied. (0x80070005)
12:10:35 [ERROR] [src\utils.rs:79] could not set window position for HWND(0x509b6): Access is denied. (0x80070005)
12:13:20 [ERROR] [src\utils.rs:79] could not set window position for HWND(0xa09c2): Access is denied. (0x80070005)
12:13:20 [ERROR] [src\utils.rs:79] could not set window position for HWND(0xa09c2): Access is denied. (0x80070005)
12:13:20 [ERROR] [src\utils.rs:79] could not set window position for HWND(0xa09c2): Access is denied. (0x80070005)
12:14:06 [ERROR] [src\utils.rs:79] could not set window position for HWND(0x90970): Access is denied. (0x80070005)
12:14:06 [ERROR] [src\utils.rs:79] could not set window position for HWND(0x90970): Access is denied. (0x80070005)
12:14:06 [ERROR] [src\utils.rs:79] could not set window position for HWND(0x90970): Access is denied. (0x80070005)
12:15:19 [INFO] [src\ipc.rs:87] ipc server listening on C:\Users\arvit\.config\tacky-borders\tacky-borders.sock
12:15:22 [ERROR] [src\utils.rs:79] could not set window position for HWND(0x3011e): Access is denied. (0x80070005)
12:16:00 [ERROR] [src\utils.rs:79] could not set window position for HWND(0x50324): Access is denied. (0x80070005)
12:16:30 [ERROR] [src\utils.rs:79] could not set window position for HWND(0x9050a): Access is denied. (0x80070005)
12:16:30 [ERROR] [src\utils.rs:79] could not set window position for HWND(0x9050a): Access is denied. (0x80070005)
12:16:30 [ERROR] [src\utils.rs:79] could not set window position for HWND(0x9050a): Access is denied. (0x80070005)
12:48:26 [ERROR] [src\utils.rs:79] could not set window position for HWND(0x407a8): Access is denied. (0x80070005)
12:48:26 [ERROR] [src\utils.rs:79] could not set window position for HWND(0x407a8): Access is denied. (0x80070005)
12:48:26 [ERROR] [src\utils.rs:79] could not set window position for HWND(0x507ac): Access is denied. (0x80070005)
12:48:26 [ERROR] [src\utils.rs:79] could not set window position for HWND(0x507ac): Access is denied. (0x80070005)
12:48:26 [ERROR] [src\utils.rs:79] could not set window position for HWND(0x507ca): Access is denied. (0x80070005)
12:48:26 [ERROR] [src\utils.rs:79] could not set window position for HWND(0x507ca): Access is denied. (0x80070005)
12:48:33 [ERROR] [src\utils.rs:79] could not set window position for HWND(0x5076c): Access is denied. (0x80070005)
12:48:33 [ERROR] [src\utils.rs:79] could not set window position for HWND(0x5076c): Access is denied. (0x80070005)
13:02:28 [ERROR] [src\utils.rs:79] could not set window position for HWND(0x405ba): Access is denied. (0x80070005)
13:02:28 [ERROR] [src\utils.rs:79] could not set window position for HWND(0x405ba): Access is denied. (0x80070005)
13:02:28 [ERROR] [src\utils.rs:79] could not set window position for HWND(0x405ba): Access is denied. (0x80070005)
13:05:30 [ERROR] [src\utils.rs:79] could not set window position for HWND(0x705f6): Access is denied. (0x80070005)
13:05:30 [ERROR] [src\utils.rs:79] could not set window position for HWND(0x705f6): Access is denied. (0x80070005)
13:09:43 [ERROR] [src\utils.rs:79] could not set window position for HWND(0xe0644): Access is denied. (0x80070005)
13:09:43 [ERROR] [src\utils.rs:79] could not set window position for HWND(0xe0644): Access is denied. (0x80070005)
13:13:39 [ERROR] [src\utils.rs:79] could not set window position for HWND(0xb0788): Access is denied. (0x80070005)
13:13:39 [ERROR] [src\utils.rs:79] could not set window position for HWND(0xb0788): Access is denied. (0x80070005)
13:13:39 [ERROR] [src\utils.rs:79] could not set window position for HWND(0x200600): Access is denied. (0x80070005)
13:13:39 [ERROR] [src\utils.rs:79] could not set window position for HWND(0x200600): Access is denied. (0x80070005)
13:14:16 [ERROR] [src\utils.rs:79] could not set window position for HWND(0xc068c): Access is denied. (0x80070005)
13:14:16 [ERROR] [src\utils.rs:79] could not set window position for HWND(0xc068c): Access is denied. (0x80070005)
13:14:20 [ERROR] [src\utils.rs:79] could not set window position for HWND(0x1602a2): Access is denied. (0x80070005)
13:14:20 [ERROR] [src\utils.rs:79] could not set window position for HWND(0x1602a2): Access is denied. (0x80070005)
13:15:22 [ERROR] [src\utils.rs:79] could not set window position for HWND(0x1902a2): Access is denied. (0x80070005)
13:15:22 [ERROR] [src\utils.rs:79] could not set window position for HWND(0x1902a2): Access is denied. (0x80070005)
13:15:31 [ERROR] [src\utils.rs:79] could not set window position for HWND(0x80862): Access is denied. (0x80070005)
13:15:31 [ERROR] [src\utils.rs:79] could not set window position for HWND(0x80862): Access is denied. (0x80070005)
13:15:55 [ERROR] [src\utils.rs:79] could not set window position for HWND(0x130694): Access is denied. (0x80070005)
13:15:55 [ERROR] [src\utils.rs:79] could not set window position for HWND(0x130694): Access is denied. (0x80070005)
13:16:20 [ERROR] [src\utils.rs:79] could not set window position for HWND(0x60648): Access is denied. (0x80070005)
13:16:20 [ERROR] [src\utils.rs:79] could not set window position for HWND(0x60648): Access is denied. (0x80070005)
13:16:31 [ERROR] [src\utils.rs:79] could not set window position for HWND(0x100572): Access is denied. (0x80070005)
13:16:31 [ERROR] [src\utils.rs:79] could not set window position for HWND(0x100572): Access is denied. (0x80070005)
13:19:43 [ERROR] [src\utils.rs:79] could not set window position for HWND(0x1f071a): Access is denied. (0x80070005)
13:19:43 [ERROR] [src\utils.rs:79] could not set window position for HWND(0x1f071a): Access is denied. (0x80070005)
13:19:48 [ERROR] [src\utils.rs:79] could not set window position for HWND(0x1306ca): Access is denied. (0x80070005)
13:19:48 [ERROR] [src\utils.rs:79] could not set window position for HWND(0x1306ca): Access is denied. (0x80070005)
13:19:55 [ERROR] [src\utils.rs:79] could not set window position for HWND(0x5d060e): Access is denied. (0x80070005)
13:19:55 [ERROR] [src\utils.rs:79] could not set window position for HWND(0x5d060e): Access is denied. (0x80070005)
13:19:59 [ERROR] [src\utils.rs:79] could not set window position for HWND(0x5e060e): Access is denied. (0x80070005)
13:19:59 [ERROR] [src\utils.rs:79] could not set window position for HWND(0x5e060e): Access is denied. (0x80070005)
13:21:14 [ERROR] [src\utils.rs:79] could not set window position for HWND(0xd02c4): Access is denied. (0x80070005)
13:21:14 [ERROR] [src\utils.rs:79] could not set window position for HWND(0xd02c4): Access is denied. (0x80070005)
13:21:15 [ERROR] [src\utils.rs:79] could not set window position for HWND(0x210032): Access is denied. (0x80070005)
13:21:15 [ERROR] [src\utils.rs:79] could not set window position for HWND(0x210032): Access is denied. (0x80070005)
13:21:15 [ERROR] [src\utils.rs:79] could not set window position for HWND(0x210032): Access is denied. (0x80070005)
13:21:15 [ERROR] [src\utils.rs:79] could not set window position for HWND(0x430750): Access is denied. (0x80070005)
13:21:15 [ERROR] [src\utils.rs:79] could not set window position for HWND(0x430750): Access is denied. (0x80070005)
13:21:15 [ERROR] [src\utils.rs:79] could not set window position for HWND(0x430750): Access is denied. (0x80070005)
13:21:17 [ERROR] [src\utils.rs:79] could not set window position for HWND(0x440750): Access is denied. (0x80070005)
13:21:17 [ERROR] [src\utils.rs:79] could not set window position for HWND(0x440750): Access is denied. (0x80070005)
13:21:17 [ERROR] [src\utils.rs:79] could not set window position for HWND(0x440750): Access is denied. (0x80070005)
13:21:18 [ERROR] [src\utils.rs:79] could not set window position for HWND(0x1907cc): Access is denied. (0x80070005)
13:21:18 [ERROR] [src\utils.rs:79] could not set window position for HWND(0x1907cc): Access is denied. (0x80070005)
13:21:18 [ERROR] [src\utils.rs:79] could not set window position for HWND(0x1907cc): Access is denied. (0x80070005)
13:21:34 [ERROR] [src\config.rs:443] could not check for changes in config dir: The I/O operation has been aborted because of either a thread exit or an application request. (0x800703E3)
13:21:34 [INFO] [src\main.rs:93] exiting tacky-borders
13:29:48 [INFO] [src\ipc.rs:87] ipc server listening on C:\Users\arvit\.config\tacky-borders\tacky-borders.sock
13:31:58 [ERROR] [src\config.rs:327] could not reload config: could not read config: The process cannot access the file because it is being used by another process. (os error 32)
13:31:58 [INFO] [src\config.rs:526] config.yaml has changed; reloading borders
13:31:58 [INFO] [src\config.rs:526] config.yaml has changed; reloading borders
13:31:58 [INFO] [src\lib.rs:750] border is disabled for HWND(0x3c00c8)
13:32:17 [INFO] [src\utils.rs:848] border is disabled for HWND(0xd025a)
13:32:17 [INFO] [src\utils.rs:848] border is disabled for HWND(0x8058c)
13:32:26 [ERROR] [src\config.rs:443] could not check for changes in config dir: The I/O operation has been aborted because of either a thread exit or an application request. (0x800703E3)
13:32:26 [INFO] [src\main.rs:93] exiting tacky-borders
13:32:37 [INFO] [src\ipc.rs:87] ipc server listening on C:\Users\arvit\.config\tacky-borders\tacky-borders.sock
13:39:20 [ERROR] [src\utils.rs:79] could not get window rect for HWND(0x350956): The handle is invalid. (0x80070006)
13:40:12 [INFO] [src\utils.rs:848] border is disabled for HWND(0xd025a)
13:40:12 [INFO] [src\utils.rs:848] border is disabled for HWND(0x8058c)
13:40:41 [INFO] [src\utils.rs:848] border is disabled for HWND(0xd025a)
13:40:41 [INFO] [src\utils.rs:848] border is disabled for HWND(0x8058c)
13:40:47 [INFO] [src\utils.rs:848] border is disabled for HWND(0xd025a)
13:40:54 [INFO] [src\utils.rs:848] border is disabled for HWND(0xd025a)
13:40:54 [INFO] [src\utils.rs:848] border is disabled for HWND(0x8058c)
13:41:03 [INFO] [src\utils.rs:848] border is disabled for HWND(0xd025a)
13:41:03 [INFO] [src\utils.rs:848] border is disabled for HWND(0x8058c)
13:42:47 [INFO] [src\utils.rs:848] border is disabled for HWND(0x130532)
13:42:50 [INFO] [src\utils.rs:848] border is disabled for HWND(0x130532)
13:42:52 [INFO] [src\utils.rs:848] border is disabled for HWND(0x130532)
13:42:54 [INFO] [src\utils.rs:848] border is disabled for HWND(0x130532)
13:46:21 [INFO] [src\utils.rs:848] border is disabled for HWND(0xd025a)
13:46:21 [INFO] [src\utils.rs:848] border is disabled for HWND(0x8058c)
15:19:33 [INFO] [src\ipc.rs:87] ipc server listening on C:\Users\arvit\.config\tacky-borders\tacky-borders.sock
15:19:33 [ERROR] [src\utils.rs:79] could not set window position for HWND(0xc06d6): Access is denied. (0x80070005)
15:20:02 [INFO] [src\utils.rs:848] border is disabled for HWND(0xb06fe)
15:20:02 [INFO] [src\utils.rs:848] border is disabled for HWND(0x3907b0)
15:20:06 [INFO] [src\utils.rs:848] border is disabled for HWND(0xb06fe)
15:20:06 [INFO] [src\utils.rs:848] border is disabled for HWND(0x3907b0)
15:20:55 [INFO] [src\utils.rs:848] border is disabled for HWND(0x3907b0)
15:20:55 [INFO] [src\utils.rs:848] border is disabled for HWND(0xb06fe)
15:21:06 [INFO] [src\utils.rs:848] border is disabled for HWND(0xb06fe)
15:21:06 [INFO] [src\utils.rs:848] border is disabled for HWND(0x3907b0)
15:21:08 [INFO] [src\utils.rs:848] border is disabled for HWND(0x1401b4)
15:21:09 [INFO] [src\utils.rs:848] border is disabled for HWND(0xb06fe)
15:21:09 [INFO] [src\utils.rs:848] border is disabled for HWND(0x3907b0)
15:22:02 [INFO] [src\utils.rs:848] border is disabled for HWND(0xe30820)
15:22:03 [INFO] [src\utils.rs:848] border is disabled for HWND(0xe30820)
15:22:05 [INFO] [src\utils.rs:848] border is disabled for HWND(0xe30820)
15:22:13 [INFO] [src\utils.rs:848] border is disabled for HWND(0xe30820)
15:22:20 [INFO] [src\utils.rs:848] border is disabled for HWND(0xe30820)
15:22:21 [INFO] [src\utils.rs:848] border is disabled for HWND(0xe30820)
15:22:27 [INFO] [src\utils.rs:848] border is disabled for HWND(0xe30820)
15:22:33 [INFO] [src\utils.rs:848] border is disabled for HWND(0xe30820)
15:22:41 [INFO] [src\utils.rs:848] border is disabled for HWND(0xb06fe)
15:22:41 [INFO] [src\utils.rs:848] border is disabled for HWND(0x3907b0)
15:22:49 [INFO] [src\utils.rs:848] border is disabled for HWND(0xb06fe)
15:22:49 [INFO] [src\utils.rs:848] border is disabled for HWND(0x3907b0)
15:22:51 [INFO] [src\utils.rs:848] border is disabled for HWND(0xb06fe)
15:22:51 [INFO] [src\utils.rs:848] border is disabled for HWND(0x3907b0)
15:22:57 [INFO] [src\utils.rs:848] border is disabled for HWND(0xb06fe)
15:22:57 [INFO] [src\utils.rs:848] border is disabled for HWND(0x3907b0)
15:22:59 [INFO] [src\utils.rs:848] border is disabled for HWND(0xb06fe)
15:23:11 [INFO] [src\utils.rs:848] border is disabled for HWND(0xb06fe)
15:23:11 [INFO] [src\utils.rs:848] border is disabled for HWND(0x3907b0)
15:23:18 [INFO] [src\utils.rs:848] border is disabled for HWND(0xb06fe)
15:23:18 [INFO] [src\utils.rs:848] border is disabled for HWND(0x3907b0)
15:23:24 [INFO] [src\utils.rs:848] border is disabled for HWND(0xb06fe)
15:23:24 [INFO] [src\utils.rs:848] border is disabled for HWND(0x3907b0)
15:23:28 [INFO] [src\utils.rs:848] border is disabled for HWND(0xb06fe)
15:23:28 [INFO] [src\utils.rs:848] border is disabled for HWND(0x3907b0)
15:23:55 [INFO] [src\utils.rs:848] border is disabled for HWND(0x3508fa)
15:23:59 [INFO] [src\utils.rs:848] border is disabled for HWND(0x3b08fa)
15:25:02 [INFO] [src\utils.rs:848] border is disabled for HWND(0x1b06e6)
15:25:03 [INFO] [src\utils.rs:848] border is disabled for HWND(0x90028c)
15:25:12 [INFO] [src\utils.rs:848] border is disabled for HWND(0x22029a)
15:25:36 [INFO] [src\utils.rs:848] border is disabled for HWND(0x96028c)
15:25:43 [INFO] [src\utils.rs:848] border is disabled for HWND(0xd00d6)
15:26:02 [ERROR] [src\utils.rs:79] could not set window position for HWND(0x1001d0): Access is denied. (0x80070005)
15:26:02 [ERROR] [src\utils.rs:79] could not set window position for HWND(0x1001d0): Access is denied. (0x80070005)
15:26:02 [ERROR] [src\utils.rs:79] could not set window position for HWND(0x604ce): Access is denied. (0x80070005)
15:26:02 [ERROR] [src\utils.rs:79] could not set window position for HWND(0x604ce): Access is denied. (0x80070005)
15:26:07 [INFO] [src\utils.rs:848] border is disabled for HWND(0x7021a)
15:26:29 [ERROR] [src\utils.rs:79] could not set window position for HWND(0xb0a56): Access is denied. (0x80070005)
15:26:29 [ERROR] [src\utils.rs:79] could not set window position for HWND(0xb0a56): Access is denied. (0x80070005)
15:26:45 [INFO] [src\utils.rs:848] border is disabled for HWND(0x28088e)
15:26:45 [INFO] [src\utils.rs:848] border is disabled for HWND(0xb024c)
15:27:04 [INFO] [src\utils.rs:848] border is disabled for HWND(0x800764)
15:27:23 [INFO] [src\utils.rs:848] border is disabled for HWND(0x28088e)
15:27:23 [INFO] [src\utils.rs:848] border is disabled for HWND(0xb024c)
15:27:25 [INFO] [src\utils.rs:848] border is disabled for HWND(0x28088e)
15:27:25 [INFO] [src\utils.rs:848] border is disabled for HWND(0xb024c)
15:27:26 [INFO] [src\utils.rs:848] border is disabled for HWND(0x28088e)
15:27:35 [INFO] [src\utils.rs:848] border is disabled for HWND(0x30314)
15:27:43 [INFO] [src\utils.rs:848] border is disabled for HWND(0x30314)
15:28:00 [INFO] [src\utils.rs:848] border is disabled for HWND(0x28088e)
15:28:00 [INFO] [src\utils.rs:848] border is disabled for HWND(0xb024c)
15:28:01 [INFO] [src\utils.rs:848] border is disabled for HWND(0x28088e)
15:28:01 [INFO] [src\utils.rs:848] border is disabled for HWND(0xb024c)
15:28:03 [INFO] [src\utils.rs:848] border is disabled for HWND(0x1200f8)
15:31:15 [INFO] [src\utils.rs:848] border is disabled for HWND(0x41027e)
15:32:07 [INFO] [src\utils.rs:848] border is disabled for HWND(0x28088e)
15:32:07 [INFO] [src\utils.rs:848] border is disabled for HWND(0xb024c)
15:32:08 [INFO] [src\utils.rs:848] border is disabled for HWND(0x690140)
15:32:47 [INFO] [src\utils.rs:848] border is disabled for HWND(0x28088e)
15:32:47 [INFO] [src\utils.rs:848] border is disabled for HWND(0xb024c)
15:33:00 [INFO] [src\utils.rs:848] border is disabled for HWND(0x5607de)
15:33:22 [INFO] [src\utils.rs:848] border is disabled for HWND(0x11030c)
15:33:28 [INFO] [src\utils.rs:848] border is disabled for HWND(0x11030c)
15:33:37 [ERROR] [src\utils.rs:79] could not set window position for HWND(0x360126): Access is denied. (0x80070005)
15:33:37 [ERROR] [src\utils.rs:79] could not set window position for HWND(0x360126): Access is denied. (0x80070005)
15:33:56 [INFO] [src\utils.rs:848] border is disabled for HWND(0x690140)
15:34:02 [INFO] [src\utils.rs:848] border is disabled for HWND(0x690140)
15:34:15 [INFO] [src\utils.rs:848] border is disabled for HWND(0x690140)
15:34:17 [INFO] [src\utils.rs:848] border is disabled for HWND(0x690140)
15:34:28 [INFO] [src\utils.rs:848] border is disabled for HWND(0x690140)
15:34:30 [INFO] [src\utils.rs:848] border is disabled for HWND(0x690140)
15:35:29 [INFO] [src\utils.rs:848] border is disabled for HWND(0x690140)
15:35:33 [INFO] [src\utils.rs:848] border is disabled for HWND(0x690140)
15:35:53 [INFO] [src\utils.rs:848] border is disabled for HWND(0x41027e)
15:35:55 [INFO] [src\utils.rs:848] border is disabled for HWND(0x38022e)
15:35:57 [INFO] [src\utils.rs:848] border is disabled for HWND(0x39022e)
15:37:41 [INFO] [src\utils.rs:848] border is disabled for HWND(0x11030c)
15:37:42 [INFO] [src\utils.rs:848] border is disabled for HWND(0x11030c)
15:39:01 [INFO] [src\utils.rs:848] border is disabled for HWND(0x3a05ca)
15:42:27 [INFO] [src\utils.rs:848] border is disabled for HWND(0x11030c)
15:42:46 [INFO] [src\utils.rs:848] border is disabled for HWND(0x9304ae)
15:43:00 [INFO] [src\utils.rs:848] border is disabled for HWND(0x170418)
15:43:07 [INFO] [src\utils.rs:848] border is disabled for HWND(0x260032)
15:43:08 [INFO] [src\utils.rs:848] border is disabled for HWND(0x1c0018)
15:43:17 [INFO] [src\utils.rs:848] border is disabled for HWND(0x41027e)
15:43:23 [INFO] [src\utils.rs:848] border is disabled for HWND(0x28088e)
15:43:23 [INFO] [src\utils.rs:848] border is disabled for HWND(0xb024c)
15:43:36 [ERROR] [src\utils.rs:79] could not set window position for HWND(0x1b0608): Access is denied. (0x80070005)
15:43:36 [ERROR] [src\utils.rs:79] could not set window position for HWND(0x1b0608): Access is denied. (0x80070005)
15:43:43 [INFO] [src\utils.rs:848] border is disabled for HWND(0x4a026c)
15:43:58 [INFO] [src\utils.rs:848] border is disabled for HWND(0x28088e)
15:43:58 [INFO] [src\utils.rs:848] border is disabled for HWND(0xb024c)
15:45:52 [INFO] [src\utils.rs:848] border is disabled for HWND(0x28088e)
15:45:52 [INFO] [src\utils.rs:848] border is disabled for HWND(0xb024c)
15:46:17 [INFO] [src\utils.rs:848] border is disabled for HWND(0x28088e)
15:46:17 [INFO] [src\utils.rs:848] border is disabled for HWND(0xb024c)
15:47:00 [INFO] [src\utils.rs:848] border is disabled for HWND(0x28088e)
15:47:00 [INFO] [src\utils.rs:848] border is disabled for HWND(0xb024c)
15:47:14 [INFO] [src\utils.rs:848] border is disabled for HWND(0x28088e)
15:47:14 [INFO] [src\utils.rs:848] border is disabled for HWND(0xb024c)
15:47:29 [INFO] [src\utils.rs:848] border is disabled for HWND(0x4c05ca)
15:47:30 [INFO] [src\utils.rs:848] border is disabled for HWND(0x4c05ca)
15:47:32 [INFO] [src\utils.rs:848] border is disabled for HWND(0x4c05ca)
15:47:33 [INFO] [src\utils.rs:848] border is disabled for HWND(0x4c05ca)
15:47:34 [INFO] [src\utils.rs:848] border is disabled for HWND(0x4c05ca)
15:47:36 [INFO] [src\utils.rs:848] border is disabled for HWND(0x28088e)
15:47:36 [INFO] [src\utils.rs:848] border is disabled for HWND(0xb024c)
15:47:49 [INFO] [src\utils.rs:848] border is disabled for HWND(0x28088e)
15:47:49 [INFO] [src\utils.rs:848] border is disabled for HWND(0xb024c)
15:48:00 [INFO] [src\utils.rs:848] border is disabled for HWND(0x28088e)
15:48:00 [INFO] [src\utils.rs:848] border is disabled for HWND(0xb024c)
15:49:13 [INFO] [src\utils.rs:848] border is disabled for HWND(0x1e01d2)
15:54:06 [ERROR] [src\utils.rs:79] could not get window rect for HWND(0x250098): The handle is invalid. (0x80070006)
15:54:06 [ERROR] [src\utils.rs:79] could not get window rect for HWND(0x56026c): The handle is invalid. (0x80070006)
15:54:06 [ERROR] [src\utils.rs:79] could not get window rect for HWND(0x490766): The handle is invalid. (0x80070006)
15:54:14 [INFO] [src\utils.rs:848] border is disabled for HWND(0x28088e)
15:54:14 [INFO] [src\utils.rs:848] border is disabled for HWND(0xb024c)
15:54:18 [INFO] [src\utils.rs:848] border is disabled for HWND(0x28088e)
15:54:18 [INFO] [src\utils.rs:848] border is disabled for HWND(0xb024c)
15:54:24 [ERROR] [src\utils.rs:79] could not set window position for HWND(0x2101d2): Access is denied. (0x80070005)
15:54:24 [ERROR] [src\utils.rs:79] could not set window position for HWND(0x2101d2): Access is denied. (0x80070005)
15:54:24 [ERROR] [src\utils.rs:79] could not set window position for HWND(0x2101d2): Access is denied. (0x80070005)
15:55:39 [INFO] [src\utils.rs:848] border is disabled for HWND(0x28088e)
15:55:39 [INFO] [src\utils.rs:848] border is disabled for HWND(0xb024c)
15:56:42 [INFO] [src\utils.rs:848] border is disabled for HWND(0x28088e)
15:56:42 [INFO] [src\utils.rs:848] border is disabled for HWND(0xb024c)
15:56:46 [INFO] [src\utils.rs:848] border is disabled for HWND(0x41027e)
15:57:05 [INFO] [src\utils.rs:848] border is disabled for HWND(0x28088e)
15:57:05 [INFO] [src\utils.rs:848] border is disabled for HWND(0xb024c)
15:57:08 [INFO] [src\utils.rs:848] border is disabled for HWND(0x28088e)
15:57:08 [INFO] [src\utils.rs:848] border is disabled for HWND(0xb024c)
15:57:11 [INFO] [src\utils.rs:848] border is disabled for HWND(0x28088e)
15:57:11 [INFO] [src\utils.rs:848] border is disabled for HWND(0xb024c)
15:57:40 [INFO] [src\utils.rs:848] border is disabled for HWND(0x28088e)
15:57:40 [INFO] [src\utils.rs:848] border is disabled for HWND(0xb024c)
15:57:47 [INFO] [src\utils.rs:848] border is disabled for HWND(0x28088e)
15:57:47 [INFO] [src\utils.rs:848] border is disabled for HWND(0xb024c)
15:57:55 [INFO] [src\utils.rs:848] border is disabled for HWND(0x28088e)
15:57:55 [INFO] [src\utils.rs:848] border is disabled for HWND(0xb024c)
15:58:04 [INFO] [src\utils.rs:848] border is disabled for HWND(0x28088e)
15:58:04 [INFO] [src\utils.rs:848] border is disabled for HWND(0xb024c)
15:58:07 [INFO] [src\utils.rs:848] border is disabled for HWND(0x28088e)
15:58:07 [INFO] [src\utils.rs:848] border is disabled for HWND(0xb024c)
15:58:13 [INFO] [src\utils.rs:848] border is disabled for HWND(0x28088e)
15:58:13 [INFO] [src\utils.rs:848] border is disabled for HWND(0xb024c)
15:58:20 [INFO] [src\utils.rs:848] border is disabled for HWND(0x28088e)
15:58:20 [INFO] [src\utils.rs:848] border is disabled for HWND(0xb024c)
15:58:25 [INFO] [src\utils.rs:848] border is disabled for HWND(0x28088e)
15:58:25 [INFO] [src\utils.rs:848] border is disabled for HWND(0xb024c)
15:58:30 [INFO] [src\utils.rs:848] border is disabled for HWND(0x28088e)
15:58:30 [INFO] [src\utils.rs:848] border is disabled for HWND(0xb024c)
15:58:39 [INFO] [src\utils.rs:848] border is disabled for HWND(0x28088e)
15:58:39 [INFO] [src\utils.rs:848] border is disabled for HWND(0xb024c)
15:58:44 [INFO] [src\utils.rs:848] border is disabled for HWND(0x28088e)
15:58:44 [INFO] [src\utils.rs:848] border is disabled for HWND(0xb024c)
15:58:50 [INFO] [src\utils.rs:848] border is disabled for HWND(0x28088e)
15:58:50 [INFO] [src\utils.rs:848] border is disabled for HWND(0xb024c)
15:59:06 [INFO] [src\utils.rs:848] border is disabled for HWND(0x28088e)
15:59:06 [INFO] [src\utils.rs:848] border is disabled for HWND(0xb024c)
15:59:12 [INFO] [src\utils.rs:848] border is disabled for HWND(0x28088e)
15:59:12 [INFO] [src\utils.rs:848] border is disabled for HWND(0xb024c)
15:59:17 [INFO] [src\utils.rs:848] border is disabled for HWND(0x28088e)
15:59:17 [INFO] [src\utils.rs:848] border is disabled for HWND(0xb024c)
15:59:22 [INFO] [src\utils.rs:848] border is disabled for HWND(0x28088e)
15:59:22 [INFO] [src\utils.rs:848] border is disabled for HWND(0xb024c)
15:59:30 [INFO] [src\utils.rs:848] border is disabled for HWND(0x28088e)
15:59:30 [INFO] [src\utils.rs:848] border is disabled for HWND(0xb024c)
15:59:33 [INFO] [src\utils.rs:848] border is disabled for HWND(0x28088e)
15:59:44 [INFO] [src\utils.rs:848] border is disabled for HWND(0x28088e)
15:59:44 [INFO] [src\utils.rs:848] border is disabled for HWND(0xb024c)
15:59:45 [INFO] [src\utils.rs:848] border is disabled for HWND(0x28088e)
15:59:48 [INFO] [src\utils.rs:848] border is disabled for HWND(0x28088e)
15:59:48 [INFO] [src\utils.rs:848] border is disabled for HWND(0xb024c)
15:59:54 [INFO] [src\utils.rs:848] border is disabled for HWND(0x28088e)
16:00:02 [INFO] [src\utils.rs:848] border is disabled for HWND(0x28088e)
16:00:02 [INFO] [src\utils.rs:848] border is disabled for HWND(0xb024c)
16:00:07 [INFO] [src\utils.rs:848] border is disabled for HWND(0x28088e)
16:00:08 [INFO] [src\utils.rs:848] border is disabled for HWND(0x28088e)
16:00:08 [INFO] [src\utils.rs:848] border is disabled for HWND(0xb024c)
16:00:10 [INFO] [src\utils.rs:848] border is disabled for HWND(0x28088e)
16:00:11 [INFO] [src\utils.rs:848] border is disabled for HWND(0x28088e)
16:00:18 [INFO] [src\utils.rs:848] border is disabled for HWND(0x28088e)
16:00:18 [INFO] [src\utils.rs:848] border is disabled for HWND(0xb024c)
16:00:20 [INFO] [src\utils.rs:848] border is disabled for HWND(0x28088e)
16:00:24 [INFO] [src\utils.rs:848] border is disabled for HWND(0x28088e)
16:00:24 [INFO] [src\utils.rs:848] border is disabled for HWND(0xb024c)
16:00:28 [INFO] [src\utils.rs:848] border is disabled for HWND(0x28088e)
16:00:30 [INFO] [src\utils.rs:848] border is disabled for HWND(0x28088e)
16:00:30 [INFO] [src\utils.rs:848] border is disabled for HWND(0xb024c)
16:00:32 [INFO] [src\utils.rs:848] border is disabled for HWND(0x28088e)
16:00:33 [INFO] [src\utils.rs:848] border is disabled for HWND(0x28088e)
16:00:33 [INFO] [src\utils.rs:848] border is disabled for HWND(0xb024c)
16:00:36 [INFO] [src\utils.rs:848] border is disabled for HWND(0x28088e)
16:00:36 [INFO] [src\utils.rs:848] border is disabled for HWND(0x28088e)
16:00:37 [INFO] [src\utils.rs:848] border is disabled for HWND(0x28088e)
16:00:37 [INFO] [src\utils.rs:848] border is disabled for HWND(0xb024c)
16:00:39 [INFO] [src\utils.rs:848] border is disabled for HWND(0x28088e)
16:00:44 [INFO] [src\utils.rs:848] border is disabled for HWND(0x28088e)
16:00:44 [INFO] [src\utils.rs:848] border is disabled for HWND(0xb024c)
16:00:47 [INFO] [src\utils.rs:848] border is disabled for HWND(0x28088e)
16:00:48 [INFO] [src\utils.rs:848] border is disabled for HWND(0x28088e)
16:00:48 [INFO] [src\utils.rs:848] border is disabled for HWND(0xb024c)
16:01:00 [INFO] [src\utils.rs:848] border is disabled for HWND(0x11030c)
16:01:02 [INFO] [src\utils.rs:848] border is disabled for HWND(0x28088e)
16:01:02 [INFO] [src\utils.rs:848] border is disabled for HWND(0xb024c)
16:01:35 [INFO] [src\utils.rs:848] border is disabled for HWND(0x170792)
16:01:37 [INFO] [src\utils.rs:848] border is disabled for HWND(0x28088e)
16:01:37 [INFO] [src\utils.rs:848] border is disabled for HWND(0xb024c)
16:01:41 [INFO] [src\utils.rs:848] border is disabled for HWND(0x11030c)
16:01:45 [ERROR] [src\utils.rs:79] could not set window position for HWND(0x170514): Access is denied. (0x80070005)
16:01:45 [ERROR] [src\utils.rs:79] could not set window position for HWND(0x170514): Access is denied. (0x80070005)
16:02:00 [INFO] [src\utils.rs:848] border is disabled for HWND(0x1d0080)
16:02:22 [INFO] [src\utils.rs:848] border is disabled for HWND(0x28088e)
16:02:22 [INFO] [src\utils.rs:848] border is disabled for HWND(0xb024c)
16:02:36 [ERROR] [src\utils.rs:79] could not set window position for HWND(0x7c0438): Access is denied. (0x80070005)
16:02:36 [ERROR] [src\utils.rs:79] could not set window position for HWND(0x7c0438): Access is denied. (0x80070005)
16:02:50 [INFO] [src\utils.rs:848] border is disabled for HWND(0x1504aa)
16:03:08 [INFO] [src\utils.rs:848] border is disabled for HWND(0x2602bc)
16:03:16 [INFO] [src\utils.rs:848] border is disabled for HWND(0x100042)
16:03:19 [INFO] [src\utils.rs:848] border is disabled for HWND(0x670122)
16:03:33 [INFO] [src\utils.rs:848] border is disabled for HWND(0x28088e)
16:03:33 [INFO] [src\utils.rs:848] border is disabled for HWND(0xb024c)
16:03:37 [INFO] [src\utils.rs:848] border is disabled for HWND(0x28088e)
16:03:37 [INFO] [src\utils.rs:848] border is disabled for HWND(0xb024c)
16:03:40 [INFO] [src\utils.rs:848] border is disabled for HWND(0x28088e)
16:03:40 [INFO] [src\utils.rs:848] border is disabled for HWND(0xb024c)
16:03:42 [INFO] [src\utils.rs:848] border is disabled for HWND(0x28088e)
16:03:42 [INFO] [src\utils.rs:848] border is disabled for HWND(0xb024c)
16:04:59 [ERROR] [src\utils.rs:79] could not get window rect for HWND(0xa02e0): The handle is invalid. (0x80070006)
16:05:17 [INFO] [src\utils.rs:848] border is disabled for HWND(0x28088e)
16:05:17 [INFO] [src\utils.rs:848] border is disabled for HWND(0xb024c)
16:05:21 [ERROR] [src\utils.rs:79] could not get window rect for HWND(0xa04ba): The handle is invalid. (0x80070006)
16:05:27 [INFO] [src\utils.rs:848] border is disabled for HWND(0x28088e)
16:05:27 [INFO] [src\utils.rs:848] border is disabled for HWND(0xb024c)
16:05:50 [ERROR] [src\config.rs:443] could not check for changes in config dir: The I/O operation has been aborted because of either a thread exit or an application request. (0x800703E3)
16:05:50 [INFO] [src\main.rs:93] exiting tacky-borders
16:13:19 [INFO] [src\ipc.rs:87] ipc server listening on C:\Users\arvit\.config\tacky-borders\tacky-borders.sock
16:13:22 [ERROR] [src\utils.rs:79] could not set window position for HWND(0x5040c): Access is denied. (0x80070005)
16:13:22 [ERROR] [src\utils.rs:79] could not set window position for HWND(0x5040c): Access is denied. (0x80070005)
16:13:28 [INFO] [src\utils.rs:848] border is disabled for HWND(0x101fe)
16:13:28 [INFO] [src\utils.rs:848] border is disabled for HWND(0x10208)
16:13:34 [INFO] [src\utils.rs:848] border is disabled for HWND(0x101fe)
16:13:34 [INFO] [src\utils.rs:848] border is disabled for HWND(0x10208)
16:13:49 [INFO] [src\utils.rs:848] border is disabled for HWND(0x101fe)
16:13:49 [INFO] [src\utils.rs:848] border is disabled for HWND(0x10208)
16:15:18 [INFO] [src\utils.rs:848] border is disabled for HWND(0x40104)
16:15:18 [INFO] [src\utils.rs:848] border is disabled for HWND(0x302f2)
16:17:34 [INFO] [src\utils.rs:848] border is disabled for HWND(0x40104)
16:17:34 [INFO] [src\utils.rs:848] border is disabled for HWND(0x302f2)
16:17:37 [ERROR] [src\utils.rs:79] could not set window position for HWND(0x702d6): Access is denied. (0x80070005)
16:17:37 [ERROR] [src\utils.rs:79] could not set window position for HWND(0x702d6): Access is denied. (0x80070005)
16:17:41 [INFO] [src\utils.rs:848] border is disabled for HWND(0x306e4)
16:18:22 [INFO] [src\utils.rs:848] border is disabled for HWND(0x40104)
16:18:22 [INFO] [src\utils.rs:848] border is disabled for HWND(0x302f2)
16:18:36 [ERROR] [src\config.rs:443] could not check for changes in config dir: The I/O operation has been aborted because of either a thread exit or an application request. (0x800703E3)
16:18:36 [INFO] [src\main.rs:93] exiting tacky-borders
